// Jest Snapshot v1, https://goo.gl/fbAQLP

exports[`index Index shows gists 1`] = `
<div
  className="Layout-s1i2z5um-1 flAUel"
>
  <div
    className="Header-duumzn-2 iWjsxc"
  >
    <h1
      className="Header__Title-duumzn-1 ZeEZy"
    >
      <a
        href="/"
        onClick={[Function]}
      >
        <strong>
          gist
        </strong>
        <br />
        viewer
      </a>
    </h1>
    <nav>
      <a
        className="Header__Anchor-duumzn-0 dIukbg"
        href="/"
        onClick={[Function]}
      >
        Home
      </a>
      <a
        className="Header__Anchor-duumzn-0 dIukbg"
        href="/about"
        onClick={[Function]}
      >
        About
      </a>
      <a
        className="Header__Anchor-duumzn-0 dIukbg"
        href="/flights"
        onClick={[Function]}
      >
        Flights
      </a>
    </nav>
  </div>
  <div
    className="Layout__Content-s1i2z5um-0 kyjkTw"
  >
    <div
      className="Profile-s1vsabj8-2 dnYTKS"
    >
      <h1
        className="Profile__Heading-s1vsabj8-1 bDIBql"
      >
        next guy
      </h1>
      <img
        className="Profile__Photo-s1vsabj8-0 fZpJFQ"
        src="url"
      />
    </div>
    <ul>
      <li>
        <a
          href="/gist/gist-1"
          onClick={[Function]}
        >
          filename
        </a>
      </li>
    </ul>
  </div>
</div>
`;
